{
  "Entries": [
    {
      "RequestUri": "/subscriptions/e2f361f0-3b27-4503-a9cc-21cfba380093/resourceGroups/Default-ServiceBus-WestUS/providers/Microsoft.Relay/namespaces/Test-Realy?api-version=2016-07-01",
      "EncodedRequestUri": "L3N1YnNjcmlwdGlvbnMvZTJmMzYxZjAtM2IyNy00NTAzLWE5Y2MtMjFjZmJhMzgwMDkzL3Jlc291cmNlR3JvdXBzL0RlZmF1bHQtU2VydmljZUJ1cy1XZXN0VVMvcHJvdmlkZXJzL01pY3Jvc29mdC5SZWxheS9uYW1lc3BhY2VzL1Rlc3QtUmVhbHk/YXBpLXZlcnNpb249MjAxNi0wNy0wMQ==",
      "RequestMethod": "GET",
      "RequestBody": "",
      "RequestHeaders": {
        "x-ms-client-request-id": [
          "5d4f20bb-7172-408a-8f99-40dfb3604b13"
        ],
        "accept-language": [
          "en-US"
        ],
        "User-Agent": [
          "FxVersion/4.6.24410.01",
          "Microsoft.Azure.Management.Relay.RelayManagementClient/0.0.1-preview"
        ]
      },
      "ResponseBody": "{\r\n  \"id\": \"/subscriptions/e2f361f0-3b27-4503-a9cc-21cfba380093/resourceGroups/Default-ServiceBus-WestUS/providers/Microsoft.Relay/namespaces/Test-Realy\",\r\n  \"name\": \"Test-Realy\",\r\n  \"type\": \"Microsoft.Relay/namespaces\",\r\n  \"location\": \"West US\",\r\n  \"kind\": \"Relay\",\r\n  \"sku\": {\r\n    \"name\": \"Standard\",\r\n    \"tier\": \"Standard\",\r\n    \"capacity\": 1\r\n  },\r\n  \"tags\": {},\r\n  \"properties\": {\r\n    \"provisioningState\": \"Succeeded\",\r\n    \"metricId\": \"e2f361f0-3b27-4503-a9cc-21cfba380093:test-realy\",\r\n    \"status\": \"Active\",\r\n    \"createdAt\": \"2017-01-18T01:53:45.86Z\",\r\n    \"serviceBusEndpoint\": \"https://Test-Realy.servicebus.windows.net:443/\",\r\n    \"enabled\": true,\r\n    \"critical\": false,\r\n    \"updatedAt\": \"2017-01-18T01:54:09.757Z\",\r\n    \"eventHubEnabled\": true,\r\n    \"namespaceType\": \"Relay\",\r\n    \"messagingSku\": 2\r\n  }\r\n}",
      "ResponseHeaders": {
        "Content-Type": [
          "application/json; charset=utf-8"
        ],
        "Expires": [
          "-1"
        ],
        "Cache-Control": [
          "no-cache"
        ],
        "Date": [
          "Thu, 19 Jan 2017 02:00:06 GMT"
        ],
        "Pragma": [
          "no-cache"
        ],
        "Transfer-Encoding": [
          "chunked"
        ],
        "Server": [
          "Service-Bus-Resource-Provider/SN1",
          "Microsoft-HTTPAPI/2.0"
        ],
        "Vary": [
          "Accept-Encoding"
        ],
        "x-ms-request-id": [
          "508a4860-2db1-4234-9301-1f0122df5da2_M5_M5"
        ],
        "Server-SB": [
          "Service-Bus-Resource-Provider/SN1"
        ],
        "x-ms-ratelimit-remaining-subscription-reads": [
          "14999"
        ],
        "x-ms-correlation-request-id": [
          "0176857d-4713-4977-bc35-a7cbae4777f4"
        ],
        "x-ms-routing-request-id": [
          "WESTUS2:20170119T020006Z:0176857d-4713-4977-bc35-a7cbae4777f4"
        ],
        "Strict-Transport-Security": [
          "max-age=31536000; includeSubDomains"
        ]
      },
      "StatusCode": 200
    },
    {
      "RequestUri": "/subscriptions/e2f361f0-3b27-4503-a9cc-21cfba380093/resourceGroups/Default-ServiceBus-WestUS/providers/Microsoft.Relay/namespaces/sdk-RelayNamespace-3438?api-version=2016-07-01",
      "EncodedRequestUri": "L3N1YnNjcmlwdGlvbnMvZTJmMzYxZjAtM2IyNy00NTAzLWE5Y2MtMjFjZmJhMzgwMDkzL3Jlc291cmNlR3JvdXBzL0RlZmF1bHQtU2VydmljZUJ1cy1XZXN0VVMvcHJvdmlkZXJzL01pY3Jvc29mdC5SZWxheS9uYW1lc3BhY2VzL3Nkay1SZWxheU5hbWVzcGFjZS0zNDM4P2FwaS12ZXJzaW9uPTIwMTYtMDctMDE=",
      "RequestMethod": "PUT",
      "RequestBody": "{\r\n  \"sku\": {\r\n    \"name\": \"Standard\",\r\n    \"tier\": \"Standard\"\r\n  },\r\n  \"location\": \"West US\",\r\n  \"tags\": {\r\n    \"tag1\": \"value1\",\r\n    \"tag2\": \"value2\"\r\n  }\r\n}",
      "RequestHeaders": {
        "Content-Type": [
          "application/json; charset=utf-8"
        ],
        "Content-Length": [
          "160"
        ],
        "x-ms-client-request-id": [
          "c5e6cdb1-d80d-413b-b577-2de14b05d697"
        ],
        "accept-language": [
          "en-US"
        ],
        "User-Agent": [
          "FxVersion/4.6.24410.01",
          "Microsoft.Azure.Management.Relay.RelayManagementClient/0.0.1-preview"
        ]
      },
      "ResponseBody": "{\r\n  \"id\": \"/subscriptions/e2f361f0-3b27-4503-a9cc-21cfba380093/resourceGroups/Default-ServiceBus-WestUS/providers/Microsoft.Relay/namespaces/sdk-RelayNamespace-3438\",\r\n  \"name\": \"sdk-RelayNamespace-3438\",\r\n  \"type\": \"Microsoft.Relay/namespaces\",\r\n  \"location\": \"West US\",\r\n  \"kind\": \"Relay\",\r\n  \"sku\": {\r\n    \"name\": \"Standard\",\r\n    \"tier\": \"Standard\"\r\n  },\r\n  \"tags\": {\r\n    \"tag1\": \"value1\",\r\n    \"tag2\": \"value2\"\r\n  },\r\n  \"properties\": {\r\n    \"provisioningState\": \"Unknown\",\r\n    \"metricId\": \"e2f361f0-3b27-4503-a9cc-21cfba380093:sdk-relaynamespace-3438\",\r\n    \"enabled\": false,\r\n    \"namespaceType\": \"Relay\",\r\n    \"messagingSku\": 2\r\n  }\r\n}",
      "ResponseHeaders": {
        "Content-Type": [
          "application/json; charset=utf-8"
        ],
        "Expires": [
          "-1"
        ],
        "Cache-Control": [
          "no-cache"
        ],
        "Date": [
          "Thu, 19 Jan 2017 02:00:07 GMT"
        ],
        "Pragma": [
          "no-cache"
        ],
        "Transfer-Encoding": [
          "chunked"
        ],
        "Server": [
          "Service-Bus-Resource-Provider/SN1",
          "Microsoft-HTTPAPI/2.0"
        ],
        "Vary": [
          "Accept-Encoding"
        ],
        "x-ms-request-id": [
          "fc859f98-31f9-4df3-9b02-52b5b21443d7_M5_M5"
        ],
        "Server-SB": [
          "Service-Bus-Resource-Provider/SN1"
        ],
        "x-ms-ratelimit-remaining-subscription-writes": [
          "1199"
        ],
        "x-ms-correlation-request-id": [
          "32c62db7-9b2d-42e5-aad8-1a9b9bbca4ba"
        ],
        "x-ms-routing-request-id": [
          "WESTUS2:20170119T020008Z:32c62db7-9b2d-42e5-aad8-1a9b9bbca4ba"
        ],
        "Strict-Transport-Security": [
          "max-age=31536000; includeSubDomains"
        ]
      },
      "StatusCode": 200
    },
    {
      "RequestUri": "/subscriptions/e2f361f0-3b27-4503-a9cc-21cfba380093/resourceGroups/Default-ServiceBus-WestUS/providers/Microsoft.Relay/namespaces/sdk-RelayNamespace-3438?api-version=2016-07-01",
      "EncodedRequestUri": "L3N1YnNjcmlwdGlvbnMvZTJmMzYxZjAtM2IyNy00NTAzLWE5Y2MtMjFjZmJhMzgwMDkzL3Jlc291cmNlR3JvdXBzL0RlZmF1bHQtU2VydmljZUJ1cy1XZXN0VVMvcHJvdmlkZXJzL01pY3Jvc29mdC5SZWxheS9uYW1lc3BhY2VzL3Nkay1SZWxheU5hbWVzcGFjZS0zNDM4P2FwaS12ZXJzaW9uPTIwMTYtMDctMDE=",
      "RequestMethod": "GET",
      "RequestBody": "",
      "RequestHeaders": {
        "User-Agent": [
          "FxVersion/4.6.24410.01",
          "Microsoft.Azure.Management.Relay.RelayManagementClient/0.0.1-preview"
        ]
      },
      "ResponseBody": "{\r\n  \"id\": \"/subscriptions/e2f361f0-3b27-4503-a9cc-21cfba380093/resourceGroups/Default-ServiceBus-WestUS/providers/Microsoft.Relay/namespaces/sdk-RelayNamespace-3438\",\r\n  \"name\": \"sdk-RelayNamespace-3438\",\r\n  \"type\": \"Microsoft.Relay/namespaces\",\r\n  \"location\": \"West US\",\r\n  \"kind\": \"Relay\",\r\n  \"sku\": {\r\n    \"name\": \"Standard\",\r\n    \"tier\": \"Standard\",\r\n    \"capacity\": 1\r\n  },\r\n  \"tags\": {\r\n    \"tag1\": \"value1\",\r\n    \"tag2\": \"value2\"\r\n  },\r\n  \"properties\": {\r\n    \"provisioningState\": \"Succeeded\",\r\n    \"metricId\": \"e2f361f0-3b27-4503-a9cc-21cfba380093:sdk-relaynamespace-3438\",\r\n    \"status\": \"Active\",\r\n    \"createdAt\": \"2017-01-19T02:00:09.237Z\",\r\n    \"serviceBusEndpoint\": \"https://sdk-RelayNamespace-3438.servicebus.windows.net:443/\",\r\n    \"enabled\": true,\r\n    \"critical\": false,\r\n    \"updatedAt\": \"2017-01-19T02:00:31.543Z\",\r\n    \"eventHubEnabled\": true,\r\n    \"namespaceType\": \"Relay\",\r\n    \"messagingSku\": 2\r\n  }\r\n}",
      "ResponseHeaders": {
        "Content-Type": [
          "application/json; charset=utf-8"
        ],
        "Expires": [
          "-1"
        ],
        "Cache-Control": [
          "no-cache"
        ],
        "Date": [
          "Thu, 19 Jan 2017 02:00:37 GMT"
        ],
        "Pragma": [
          "no-cache"
        ],
        "Transfer-Encoding": [
          "chunked"
        ],
        "Server": [
          "Service-Bus-Resource-Provider/SN1",
          "Microsoft-HTTPAPI/2.0"
        ],
        "Vary": [
          "Accept-Encoding"
        ],
        "x-ms-request-id": [
          "cc9b14b0-9189-4238-88b6-3ea77e885389_M5_M5"
        ],
        "Server-SB": [
          "Service-Bus-Resource-Provider/SN1"
        ],
        "x-ms-ratelimit-remaining-subscription-reads": [
          "14998"
        ],
        "x-ms-correlation-request-id": [
          "1d6ce454-a6b2-421e-a005-7066353e278a"
        ],
        "x-ms-routing-request-id": [
          "WESTUS2:20170119T020038Z:1d6ce454-a6b2-421e-a005-7066353e278a"
        ],
        "Strict-Transport-Security": [
          "max-age=31536000; includeSubDomains"
        ]
      },
      "StatusCode": 200
    },
    {
      "RequestUri": "/subscriptions/e2f361f0-3b27-4503-a9cc-21cfba380093/resourceGroups/Default-ServiceBus-WestUS/providers/Microsoft.Relay/namespaces/sdk-RelayNamespace-3438?api-version=2016-07-01",
      "EncodedRequestUri": "L3N1YnNjcmlwdGlvbnMvZTJmMzYxZjAtM2IyNy00NTAzLWE5Y2MtMjFjZmJhMzgwMDkzL3Jlc291cmNlR3JvdXBzL0RlZmF1bHQtU2VydmljZUJ1cy1XZXN0VVMvcHJvdmlkZXJzL01pY3Jvc29mdC5SZWxheS9uYW1lc3BhY2VzL3Nkay1SZWxheU5hbWVzcGFjZS0zNDM4P2FwaS12ZXJzaW9uPTIwMTYtMDctMDE=",
      "RequestMethod": "GET",
      "RequestBody": "",
      "RequestHeaders": {
        "x-ms-client-request-id": [
          "82c5ac05-20df-457f-97b6-9e3e250ad775"
        ],
        "accept-language": [
          "en-US"
        ],
        "User-Agent": [
          "FxVersion/4.6.24410.01",
          "Microsoft.Azure.Management.Relay.RelayManagementClient/0.0.1-preview"
        ]
      },
      "ResponseBody": "{\r\n  \"id\": \"/subscriptions/e2f361f0-3b27-4503-a9cc-21cfba380093/resourceGroups/Default-ServiceBus-WestUS/providers/Microsoft.Relay/namespaces/sdk-RelayNamespace-3438\",\r\n  \"name\": \"sdk-RelayNamespace-3438\",\r\n  \"type\": \"Microsoft.Relay/namespaces\",\r\n  \"location\": \"West US\",\r\n  \"kind\": \"Relay\",\r\n  \"sku\": {\r\n    \"name\": \"Standard\",\r\n    \"tier\": \"Standard\",\r\n    \"capacity\": 1\r\n  },\r\n  \"tags\": {\r\n    \"tag1\": \"value1\",\r\n    \"tag2\": \"value2\"\r\n  },\r\n  \"properties\": {\r\n    \"provisioningState\": \"Succeeded\",\r\n    \"metricId\": \"e2f361f0-3b27-4503-a9cc-21cfba380093:sdk-relaynamespace-3438\",\r\n    \"status\": \"Active\",\r\n    \"createdAt\": \"2017-01-19T02:00:09.237Z\",\r\n    \"serviceBusEndpoint\": \"https://sdk-RelayNamespace-3438.servicebus.windows.net:443/\",\r\n    \"enabled\": true,\r\n    \"critical\": false,\r\n    \"updatedAt\": \"2017-01-19T02:00:31.543Z\",\r\n    \"eventHubEnabled\": true,\r\n    \"namespaceType\": \"Relay\",\r\n    \"messagingSku\": 2\r\n  }\r\n}",
      "ResponseHeaders": {
        "Content-Type": [
          "application/json; charset=utf-8"
        ],
        "Expires": [
          "-1"
        ],
        "Cache-Control": [
          "no-cache"
        ],
        "Date": [
          "Thu, 19 Jan 2017 02:00:42 GMT"
        ],
        "Pragma": [
          "no-cache"
        ],
        "Transfer-Encoding": [
          "chunked"
        ],
        "Server": [
          "Service-Bus-Resource-Provider/SN1",
          "Microsoft-HTTPAPI/2.0"
        ],
        "Vary": [
          "Accept-Encoding"
        ],
        "x-ms-request-id": [
          "13deaf68-1397-40b8-8821-b17e929d1c99_M5_M5"
        ],
        "Server-SB": [
          "Service-Bus-Resource-Provider/SN1"
        ],
        "x-ms-ratelimit-remaining-subscription-reads": [
          "14997"
        ],
        "x-ms-correlation-request-id": [
          "f169448a-64b6-4d07-8291-921b86aab80b"
        ],
        "x-ms-routing-request-id": [
          "WESTUS2:20170119T020043Z:f169448a-64b6-4d07-8291-921b86aab80b"
        ],
        "Strict-Transport-Security": [
          "max-age=31536000; includeSubDomains"
        ]
      },
      "StatusCode": 200
    },
    {
      "RequestUri": "/subscriptions/e2f361f0-3b27-4503-a9cc-21cfba380093/resourceGroups/Default-ServiceBus-WestUS/providers/Microsoft.Relay/namespaces/sdk-RelayNamespace-3438?api-version=2016-07-01",
      "EncodedRequestUri": "L3N1YnNjcmlwdGlvbnMvZTJmMzYxZjAtM2IyNy00NTAzLWE5Y2MtMjFjZmJhMzgwMDkzL3Jlc291cmNlR3JvdXBzL0RlZmF1bHQtU2VydmljZUJ1cy1XZXN0VVMvcHJvdmlkZXJzL01pY3Jvc29mdC5SZWxheS9uYW1lc3BhY2VzL3Nkay1SZWxheU5hbWVzcGFjZS0zNDM4P2FwaS12ZXJzaW9uPTIwMTYtMDctMDE=",
      "RequestMethod": "GET",
      "RequestBody": "",
      "RequestHeaders": {
        "x-ms-client-request-id": [
          "11802019-6f56-40c2-9a0c-e99f3f887d51"
        ],
        "accept-language": [
          "en-US"
        ],
        "User-Agent": [
          "FxVersion/4.6.24410.01",
          "Microsoft.Azure.Management.Relay.RelayManagementClient/0.0.1-preview"
        ]
      },
      "ResponseBody": "{\r\n  \"id\": \"/subscriptions/e2f361f0-3b27-4503-a9cc-21cfba380093/resourceGroups/Default-ServiceBus-WestUS/providers/Microsoft.Relay/namespaces/sdk-RelayNamespace-3438\",\r\n  \"name\": \"sdk-RelayNamespace-3438\",\r\n  \"type\": \"Microsoft.Relay/namespaces\",\r\n  \"location\": \"West US\",\r\n  \"kind\": \"Relay\",\r\n  \"sku\": {\r\n    \"name\": \"Standard\",\r\n    \"tier\": \"Standard\",\r\n    \"capacity\": 1\r\n  },\r\n  \"tags\": {\r\n    \"tag1\": \"value1\",\r\n    \"tag2\": \"value2\"\r\n  },\r\n  \"properties\": {\r\n    \"provisioningState\": \"Succeeded\",\r\n    \"metricId\": \"e2f361f0-3b27-4503-a9cc-21cfba380093:sdk-relaynamespace-3438\",\r\n    \"status\": \"Active\",\r\n    \"createdAt\": \"2017-01-19T02:00:09.237Z\",\r\n    \"serviceBusEndpoint\": \"https://sdk-RelayNamespace-3438.servicebus.windows.net:443/\",\r\n    \"enabled\": true,\r\n    \"critical\": false,\r\n    \"updatedAt\": \"2017-01-19T02:00:31.543Z\",\r\n    \"eventHubEnabled\": true,\r\n    \"namespaceType\": \"Relay\",\r\n    \"messagingSku\": 2\r\n  }\r\n}",
      "ResponseHeaders": {
        "Content-Type": [
          "application/json; charset=utf-8"
        ],
        "Expires": [
          "-1"
        ],
        "Cache-Control": [
          "no-cache"
        ],
        "Date": [
          "Thu, 19 Jan 2017 02:00:42 GMT"
        ],
        "Pragma": [
          "no-cache"
        ],
        "Transfer-Encoding": [
          "chunked"
        ],
        "Server": [
          "Service-Bus-Resource-Provider/SN1",
          "Microsoft-HTTPAPI/2.0"
        ],
        "Vary": [
          "Accept-Encoding"
        ],
        "x-ms-request-id": [
          "5fb5b7ca-9f15-49fd-8668-51929df0ecdd_M5_M5"
        ],
        "Server-SB": [
          "Service-Bus-Resource-Provider/SN1"
        ],
        "x-ms-ratelimit-remaining-subscription-reads": [
          "14996"
        ],
        "x-ms-correlation-request-id": [
          "db91d42c-49c6-4d81-8daa-c67827112b9b"
        ],
        "x-ms-routing-request-id": [
          "WESTUS2:20170119T020043Z:db91d42c-49c6-4d81-8daa-c67827112b9b"
        ],
        "Strict-Transport-Security": [
          "max-age=31536000; includeSubDomains"
        ]
      },
      "StatusCode": 200
    },
    {
      "RequestUri": "/subscriptions/e2f361f0-3b27-4503-a9cc-21cfba380093/resourceGroups/Default-ServiceBus-WestUS/providers/Microsoft.Relay/namespaces?api-version=2016-07-01",
      "EncodedRequestUri": "L3N1YnNjcmlwdGlvbnMvZTJmMzYxZjAtM2IyNy00NTAzLWE5Y2MtMjFjZmJhMzgwMDkzL3Jlc291cmNlR3JvdXBzL0RlZmF1bHQtU2VydmljZUJ1cy1XZXN0VVMvcHJvdmlkZXJzL01pY3Jvc29mdC5SZWxheS9uYW1lc3BhY2VzP2FwaS12ZXJzaW9uPTIwMTYtMDctMDE=",
      "RequestMethod": "GET",
      "RequestBody": "",
      "RequestHeaders": {
        "x-ms-client-request-id": [
          "842b47ea-a1d8-438c-8a5e-c721d5e37c52"
        ],
        "accept-language": [
          "en-US"
        ],
        "User-Agent": [
          "FxVersion/4.6.24410.01",
          "Microsoft.Azure.Management.Relay.RelayManagementClient/0.0.1-preview"
        ]
      },
      "ResponseBody": "{\r\n  \"value\": [\r\n    {\r\n      \"id\": \"/subscriptions/e2f361f0-3b27-4503-a9cc-21cfba380093/resourceGroups/Default-ServiceBus-WestUS/providers/Microsoft.Relay/namespaces/Test-Realy\",\r\n      \"name\": \"Test-Realy\",\r\n      \"type\": \"Microsoft.Relay/namespaces\",\r\n      \"location\": \"West US\",\r\n      \"kind\": \"Relay\",\r\n      \"sku\": {\r\n        \"name\": \"Standard\",\r\n        \"tier\": \"Standard\",\r\n        \"capacity\": 1\r\n      },\r\n      \"tags\": {},\r\n      \"properties\": {\r\n        \"provisioningState\": \"Succeeded\",\r\n        \"metricId\": \"e2f361f0-3b27-4503-a9cc-21cfba380093:test-realy\",\r\n        \"status\": \"Active\",\r\n        \"createdAt\": \"2017-01-18T01:53:45.86Z\",\r\n        \"serviceBusEndpoint\": \"https://Test-Realy.servicebus.windows.net:443/\",\r\n        \"enabled\": true,\r\n        \"critical\": false,\r\n        \"updatedAt\": \"2017-01-18T01:54:09.757Z\",\r\n        \"eventHubEnabled\": true,\r\n        \"namespaceType\": \"Relay\",\r\n        \"messagingSku\": 2\r\n      }\r\n    },\r\n    {\r\n      \"id\": \"/subscriptions/e2f361f0-3b27-4503-a9cc-21cfba380093/resourceGroups/Default-ServiceBus-WestUS/providers/Microsoft.Relay/namespaces/sdk-RelayNamespace-3438\",\r\n      \"name\": \"sdk-RelayNamespace-3438\",\r\n      \"type\": \"Microsoft.Relay/namespaces\",\r\n      \"location\": \"West US\",\r\n      \"kind\": \"Relay\",\r\n      \"sku\": {\r\n        \"name\": \"Standard\",\r\n        \"tier\": \"Standard\",\r\n        \"capacity\": 1\r\n      },\r\n      \"tags\": {\r\n        \"tag1\": \"value1\",\r\n        \"tag2\": \"value2\"\r\n      },\r\n      \"properties\": {\r\n        \"provisioningState\": \"Succeeded\",\r\n        \"metricId\": \"e2f361f0-3b27-4503-a9cc-21cfba380093:sdk-relaynamespace-3438\",\r\n        \"status\": \"Active\",\r\n        \"createdAt\": \"2017-01-19T02:00:09.237Z\",\r\n        \"serviceBusEndpoint\": \"https://sdk-RelayNamespace-3438.servicebus.windows.net:443/\",\r\n        \"enabled\": true,\r\n        \"critical\": false,\r\n        \"updatedAt\": \"2017-01-19T02:00:31.543Z\",\r\n        \"eventHubEnabled\": true,\r\n        \"namespaceType\": \"Relay\",\r\n        \"messagingSku\": 2\r\n      }\r\n    }\r\n  ],\r\n  \"nextLink\": null\r\n}",
      "ResponseHeaders": {
        "Content-Type": [
          "application/json; charset=utf-8"
        ],
        "Expires": [
          "-1"
        ],
        "Cache-Control": [
          "no-cache"
        ],
        "Date": [
          "Thu, 19 Jan 2017 02:00:43 GMT"
        ],
        "Pragma": [
          "no-cache"
        ],
        "Transfer-Encoding": [
          "chunked"
        ],
        "Server": [
          "Service-Bus-Resource-Provider/SN1",
          "Microsoft-HTTPAPI/2.0"
        ],
        "Vary": [
          "Accept-Encoding"
        ],
        "x-ms-request-id": [
          "c314b1cb-fe73-4a06-98c8-1f902a0ae70a_M4_M4"
        ],
        "Server-SB": [
          "Service-Bus-Resource-Provider/SN1"
        ],
        "x-ms-ratelimit-remaining-subscription-reads": [
          "14995"
        ],
        "x-ms-correlation-request-id": [
          "4f00aadf-6f63-4467-b424-800069aef8ca"
        ],
        "x-ms-routing-request-id": [
          "WESTUS2:20170119T020044Z:4f00aadf-6f63-4467-b424-800069aef8ca"
        ],
        "Strict-Transport-Security": [
          "max-age=31536000; includeSubDomains"
        ]
      },
      "StatusCode": 200
    },
    {
      "RequestUri": "/subscriptions/e2f361f0-3b27-4503-a9cc-21cfba380093/providers/Microsoft.Relay/namespaces?api-version=2016-07-01",
      "EncodedRequestUri": "L3N1YnNjcmlwdGlvbnMvZTJmMzYxZjAtM2IyNy00NTAzLWE5Y2MtMjFjZmJhMzgwMDkzL3Byb3ZpZGVycy9NaWNyb3NvZnQuUmVsYXkvbmFtZXNwYWNlcz9hcGktdmVyc2lvbj0yMDE2LTA3LTAx",
      "RequestMethod": "GET",
      "RequestBody": "",
      "RequestHeaders": {
        "x-ms-client-request-id": [
          "8a0edbe8-ce64-4a12-ab59-a1eddf719528"
        ],
        "accept-language": [
          "en-US"
        ],
        "User-Agent": [
          "FxVersion/4.6.24410.01",
          "Microsoft.Azure.Management.Relay.RelayManagementClient/0.0.1-preview"
        ]
      },
      "ResponseBody": "{\r\n  \"value\": [\r\n    {\r\n      \"id\": \"/subscriptions/e2f361f0-3b27-4503-a9cc-21cfba380093/resourceGroups/Default-ServiceBus-WestUS/providers/Microsoft.Relay/namespaces/Test-Realy\",\r\n      \"name\": \"Test-Realy\",\r\n      \"type\": \"Microsoft.Relay/namespaces\",\r\n      \"location\": \"West US\",\r\n      \"kind\": \"Relay\",\r\n      \"sku\": {\r\n        \"name\": \"Standard\",\r\n        \"tier\": \"Standard\",\r\n        \"capacity\": 1\r\n      },\r\n      \"tags\": {},\r\n      \"properties\": {\r\n        \"provisioningState\": \"Succeeded\",\r\n        \"metricId\": \"e2f361f0-3b27-4503-a9cc-21cfba380093:test-realy\",\r\n        \"status\": \"Active\",\r\n        \"createdAt\": \"2017-01-18T01:53:45.86Z\",\r\n        \"serviceBusEndpoint\": \"https://Test-Realy.servicebus.windows.net:443/\",\r\n        \"enabled\": true,\r\n        \"critical\": false,\r\n        \"updatedAt\": \"2017-01-18T01:54:09.757Z\",\r\n        \"eventHubEnabled\": true,\r\n        \"namespaceType\": \"Relay\",\r\n        \"messagingSku\": 2\r\n      }\r\n    },\r\n    {\r\n      \"id\": \"/subscriptions/e2f361f0-3b27-4503-a9cc-21cfba380093/resourceGroups/Default-ServiceBus-WestUS/providers/Microsoft.Relay/namespaces/sdk-RelayNamespace-3438\",\r\n      \"name\": \"sdk-RelayNamespace-3438\",\r\n      \"type\": \"Microsoft.Relay/namespaces\",\r\n      \"location\": \"West US\",\r\n      \"kind\": \"Relay\",\r\n      \"sku\": {\r\n        \"name\": \"Standard\",\r\n        \"tier\": \"Standard\",\r\n        \"capacity\": 1\r\n      },\r\n      \"tags\": {\r\n        \"tag1\": \"value1\",\r\n        \"tag2\": \"value2\"\r\n      },\r\n      \"properties\": {\r\n        \"provisioningState\": \"Succeeded\",\r\n        \"metricId\": \"e2f361f0-3b27-4503-a9cc-21cfba380093:sdk-relaynamespace-3438\",\r\n        \"status\": \"Active\",\r\n        \"createdAt\": \"2017-01-19T02:00:09.237Z\",\r\n        \"serviceBusEndpoint\": \"https://sdk-RelayNamespace-3438.servicebus.windows.net:443/\",\r\n        \"enabled\": true,\r\n        \"critical\": false,\r\n        \"updatedAt\": \"2017-01-19T02:00:31.543Z\",\r\n        \"eventHubEnabled\": true,\r\n        \"namespaceType\": \"Relay\",\r\n        \"messagingSku\": 2\r\n      }\r\n    },\r\n    {\r\n      \"id\": \"/subscriptions/e2f361f0-3b27-4503-a9cc-21cfba380093/resourceGroups/41cd3ef5-b071-496f-b74a-bb976359072d/providers/Microsoft.Relay/namespaces/First-Relay-NameSpace\",\r\n      \"name\": \"First-Relay-NameSpace\",\r\n      \"type\": \"Microsoft.Relay/namespaces\",\r\n      \"location\": \"West US\",\r\n      \"kind\": \"Relay\",\r\n      \"sku\": {\r\n        \"name\": \"Standard\",\r\n        \"tier\": \"Standard\",\r\n        \"capacity\": 1\r\n      },\r\n      \"tags\": {},\r\n      \"properties\": {\r\n        \"provisioningState\": \"Succeeded\",\r\n        \"metricId\": \"e2f361f0-3b27-4503-a9cc-21cfba380093:first-relay-namespace\",\r\n        \"status\": \"Active\",\r\n        \"createdAt\": \"2017-01-18T01:29:24.577Z\",\r\n        \"serviceBusEndpoint\": \"https://First-Relay-NameSpace.servicebus.windows.net:443/\",\r\n        \"enabled\": true,\r\n        \"critical\": false,\r\n        \"updatedAt\": \"2017-01-18T01:29:48.973Z\",\r\n        \"eventHubEnabled\": true,\r\n        \"namespaceType\": \"Relay\",\r\n        \"messagingSku\": 2\r\n      }\r\n    }\r\n  ],\r\n  \"nextLink\": null\r\n}",
      "ResponseHeaders": {
        "Content-Type": [
          "application/json; charset=utf-8"
        ],
        "Expires": [
          "-1"
        ],
        "Cache-Control": [
          "no-cache"
        ],
        "Date": [
          "Thu, 19 Jan 2017 02:00:43 GMT"
        ],
        "Pragma": [
          "no-cache"
        ],
        "Transfer-Encoding": [
          "chunked"
        ],
        "Server": [
          "Service-Bus-Resource-Provider/SN1",
          "Microsoft-HTTPAPI/2.0"
        ],
        "Vary": [
          "Accept-Encoding"
        ],
        "x-ms-request-id": [
          "f35f8091-2892-4db6-95cb-56b517eccc55_M4_M4"
        ],
        "Server-SB": [
          "Service-Bus-Resource-Provider/SN1"
        ],
        "x-ms-ratelimit-remaining-subscription-reads": [
          "14994"
        ],
        "x-ms-correlation-request-id": [
          "ece400db-6da8-4556-a2f7-f12ea063db12"
        ],
        "x-ms-routing-request-id": [
          "WESTUS2:20170119T020044Z:ece400db-6da8-4556-a2f7-f12ea063db12"
        ],
        "Strict-Transport-Security": [
          "max-age=31536000; includeSubDomains"
        ]
      },
      "StatusCode": 200
    },
    {
      "RequestUri": "/subscriptions/e2f361f0-3b27-4503-a9cc-21cfba380093/resourceGroups/Default-ServiceBus-WestUS/providers/Microsoft.Relay/namespaces/sdk-RelayNamespace-3438/WcfRelays/sdk-Relay-Wcf-1011?api-version=2016-07-01",
      "EncodedRequestUri": "L3N1YnNjcmlwdGlvbnMvZTJmMzYxZjAtM2IyNy00NTAzLWE5Y2MtMjFjZmJhMzgwMDkzL3Jlc291cmNlR3JvdXBzL0RlZmF1bHQtU2VydmljZUJ1cy1XZXN0VVMvcHJvdmlkZXJzL01pY3Jvc29mdC5SZWxheS9uYW1lc3BhY2VzL3Nkay1SZWxheU5hbWVzcGFjZS0zNDM4L1djZlJlbGF5cy9zZGstUmVsYXktV2NmLTEwMTE/YXBpLXZlcnNpb249MjAxNi0wNy0wMQ==",
      "RequestMethod": "PUT",
      "RequestBody": "{\r\n  \"properties\": {\r\n    \"relayType\": \"NetTcp\",\r\n    \"requiresClientAuthorization\": true,\r\n    \"requiresTransportSecurity\": true\r\n  },\r\n  \"location\": \"West US\"\r\n}",
      "RequestHeaders": {
        "Content-Type": [
          "application/json; charset=utf-8"
        ],
        "Content-Length": [
          "163"
        ],
        "x-ms-client-request-id": [
          "7f6f5f28-029f-4eb9-98e3-ac109984d6d5"
        ],
        "accept-language": [
          "en-US"
        ],
        "User-Agent": [
          "FxVersion/4.6.24410.01",
          "Microsoft.Azure.Management.Relay.RelayManagementClient/0.0.1-preview"
        ]
      },
      "ResponseBody": "{\r\n  \"id\": \"/subscriptions/e2f361f0-3b27-4503-a9cc-21cfba380093/resourceGroups/Default-ServiceBus-WestUS/providers/Microsoft.Relay/namespaces/sdk-RelayNamespace-3438/WcfRelays/sdk-Relay-Wcf-1011\",\r\n  \"name\": \"sdk-Relay-Wcf-1011\",\r\n  \"type\": \"Microsoft.Relay/WcfRelays\",\r\n  \"location\": \"West US\",\r\n  \"tags\": null,\r\n  \"properties\": {\r\n    \"path\": \"\",\r\n    \"listenerType\": \"RelayedConnection\",\r\n    \"createdAt\": \"2017-01-19T02:01:11.7836618Z\",\r\n    \"updatedAt\": \"2017-01-19T02:01:11.7836618Z\",\r\n    \"relayType\": \"NetTcp\",\r\n    \"requiresClientAuthorization\": true,\r\n    \"requiresTransportSecurity\": true,\r\n    \"publishToRegistry\": false,\r\n    \"isDynamic\": false\r\n  }\r\n}",
      "ResponseHeaders": {
        "Content-Type": [
          "application/json; charset=utf-8"
        ],
        "Expires": [
          "-1"
        ],
        "Cache-Control": [
          "no-cache"
        ],
        "Date": [
          "Thu, 19 Jan 2017 02:01:11 GMT"
        ],
        "Pragma": [
          "no-cache"
        ],
        "Transfer-Encoding": [
          "chunked"
        ],
        "Server": [
          "Service-Bus-Resource-Provider/SN1",
          "Microsoft-HTTPAPI/2.0"
        ],
        "Vary": [
          "Accept-Encoding"
        ],
        "x-ms-request-id": [
          "0b040a67-8748-46bf-838f-c442e688e401_M5_M5"
        ],
        "Server-SB": [
          "Service-Bus-Resource-Provider/SN1"
        ],
        "x-ms-ratelimit-remaining-subscription-writes": [
          "1198"
        ],
        "x-ms-correlation-request-id": [
          "3ac9c881-c5d7-4d4b-80d2-760ca2fe6c86"
        ],
        "x-ms-routing-request-id": [
          "WESTUS2:20170119T020111Z:3ac9c881-c5d7-4d4b-80d2-760ca2fe6c86"
        ],
        "Strict-Transport-Security": [
          "max-age=31536000; includeSubDomains"
        ]
      },
      "StatusCode": 200
    },
    {
      "RequestUri": "/subscriptions/e2f361f0-3b27-4503-a9cc-21cfba380093/resourceGroups/Default-ServiceBus-WestUS/providers/Microsoft.Relay/namespaces/sdk-RelayNamespace-3438/WcfRelays/sdk-Relay-Wcf-1011?api-version=2016-07-01",
      "EncodedRequestUri": "L3N1YnNjcmlwdGlvbnMvZTJmMzYxZjAtM2IyNy00NTAzLWE5Y2MtMjFjZmJhMzgwMDkzL3Jlc291cmNlR3JvdXBzL0RlZmF1bHQtU2VydmljZUJ1cy1XZXN0VVMvcHJvdmlkZXJzL01pY3Jvc29mdC5SZWxheS9uYW1lc3BhY2VzL3Nkay1SZWxheU5hbWVzcGFjZS0zNDM4L1djZlJlbGF5cy9zZGstUmVsYXktV2NmLTEwMTE/YXBpLXZlcnNpb249MjAxNi0wNy0wMQ==",
      "RequestMethod": "PUT",
      "RequestBody": "{\r\n  \"type\": \"Microsoft.Relay/WcfRelays\",\r\n  \"properties\": {\r\n    \"relayType\": \"NetTcp\",\r\n    \"createdAt\": \"2017-01-19T02:01:11.7836618Z\",\r\n    \"updatedAt\": \"2017-01-19T02:01:11.7836618Z\",\r\n    \"requiresClientAuthorization\": true,\r\n    \"requiresTransportSecurity\": true,\r\n    \"isDynamic\": false,\r\n    \"userMetadata\": \"usermetadata is a placeholder to store user-defined string data for the HybridConnection endpoint.e.g. it can be used to store  descriptive data, such as list of teams and their contact information also user-defined configuration settings can be stored.\"\r\n  },\r\n  \"id\": \"/subscriptions/e2f361f0-3b27-4503-a9cc-21cfba380093/resourceGroups/Default-ServiceBus-WestUS/providers/Microsoft.Relay/namespaces/sdk-RelayNamespace-3438/WcfRelays/sdk-Relay-Wcf-1011\",\r\n  \"name\": \"sdk-Relay-Wcf-1011\",\r\n  \"location\": \"West US\"\r\n}",
      "RequestHeaders": {
        "Content-Type": [
          "application/json; charset=utf-8"
        ],
        "Content-Length": [
          "834"
        ],
        "x-ms-client-request-id": [
          "10c83473-46f2-4833-9feb-64c2e0e7de34"
        ],
        "accept-language": [
          "en-US"
        ],
        "User-Agent": [
          "FxVersion/4.6.24410.01",
          "Microsoft.Azure.Management.Relay.RelayManagementClient/0.0.1-preview"
        ]
      },
      "ResponseBody": "{\r\n  \"id\": \"/subscriptions/e2f361f0-3b27-4503-a9cc-21cfba380093/resourceGroups/Default-ServiceBus-WestUS/providers/Microsoft.Relay/namespaces/sdk-RelayNamespace-3438/WcfRelays/sdk-Relay-Wcf-1011\",\r\n  \"name\": \"sdk-Relay-Wcf-1011\",\r\n  \"type\": \"Microsoft.Relay/WcfRelays\",\r\n  \"location\": \"West US\",\r\n  \"tags\": null,\r\n  \"properties\": {\r\n    \"path\": \"\",\r\n    \"createdAt\": \"2017-01-19T02:01:11.7836618Z\",\r\n    \"updatedAt\": \"2017-01-19T02:01:11.7836618Z\",\r\n    \"relayType\": \"NetTcp\",\r\n    \"requiresClientAuthorization\": true,\r\n    \"requiresTransportSecurity\": true,\r\n    \"isDynamic\": false,\r\n    \"userMetadata\": \"usermetadata is a placeholder to store user-defined string data for the HybridConnection endpoint.e.g. it can be used to store  descriptive data, such as list of teams and their contact information also user-defined configuration settings can be stored.\"\r\n  }\r\n}",
      "ResponseHeaders": {
        "Content-Type": [
          "application/json; charset=utf-8"
        ],
        "Expires": [
          "-1"
        ],
        "Cache-Control": [
          "no-cache"
        ],
        "Date": [
          "Thu, 19 Jan 2017 02:01:45 GMT"
        ],
        "Pragma": [
          "no-cache"
        ],
        "Transfer-Encoding": [
          "chunked"
        ],
        "Server": [
          "Service-Bus-Resource-Provider/SN1",
          "Microsoft-HTTPAPI/2.0"
        ],
        "Vary": [
          "Accept-Encoding"
        ],
        "x-ms-request-id": [
          "1bfd3398-617f-4110-897d-6427dd4f2023_M5_M5"
        ],
        "Server-SB": [
          "Service-Bus-Resource-Provider/SN1"
        ],
        "x-ms-ratelimit-remaining-subscription-writes": [
          "1197"
        ],
        "x-ms-correlation-request-id": [
          "e4542600-b05a-42ae-9e50-f194431bf5c5"
        ],
        "x-ms-routing-request-id": [
          "WESTUS2:20170119T020146Z:e4542600-b05a-42ae-9e50-f194431bf5c5"
        ],
        "Strict-Transport-Security": [
          "max-age=31536000; includeSubDomains"
        ]
      },
      "StatusCode": 200
    },
    {
      "RequestUri": "/subscriptions/e2f361f0-3b27-4503-a9cc-21cfba380093/resourceGroups/Default-ServiceBus-WestUS/providers/Microsoft.Relay/namespaces/sdk-RelayNamespace-3438/WcfRelays/sdk-Relay-Wcf-1011?api-version=2016-07-01",
      "EncodedRequestUri": "L3N1YnNjcmlwdGlvbnMvZTJmMzYxZjAtM2IyNy00NTAzLWE5Y2MtMjFjZmJhMzgwMDkzL3Jlc291cmNlR3JvdXBzL0RlZmF1bHQtU2VydmljZUJ1cy1XZXN0VVMvcHJvdmlkZXJzL01pY3Jvc29mdC5SZWxheS9uYW1lc3BhY2VzL3Nkay1SZWxheU5hbWVzcGFjZS0zNDM4L1djZlJlbGF5cy9zZGstUmVsYXktV2NmLTEwMTE/YXBpLXZlcnNpb249MjAxNi0wNy0wMQ==",
      "RequestMethod": "GET",
      "RequestBody": "",
      "RequestHeaders": {
        "x-ms-client-request-id": [
          "6da024dc-2a54-4f39-8bb8-57317ee51fd8"
        ],
        "accept-language": [
          "en-US"
        ],
        "User-Agent": [
          "FxVersion/4.6.24410.01",
          "Microsoft.Azure.Management.Relay.RelayManagementClient/0.0.1-preview"
        ]
      },
      "ResponseBody": "{\r\n  \"id\": \"/subscriptions/e2f361f0-3b27-4503-a9cc-21cfba380093/resourceGroups/Default-ServiceBus-WestUS/providers/Microsoft.Relay/namespaces/sdk-RelayNamespace-3438/WcfRelays/sdk-Relay-Wcf-1011\",\r\n  \"name\": \"sdk-Relay-Wcf-1011\",\r\n  \"type\": \"Microsoft.Relay/WcfRelays\",\r\n  \"location\": \"West US\",\r\n  \"tags\": null,\r\n  \"properties\": {\r\n    \"path\": \"\",\r\n    \"listenerType\": \"RelayedConnection\",\r\n    \"listenerCount\": 0,\r\n    \"createdAt\": \"2017-01-19T02:01:11.7836618Z\",\r\n    \"updatedAt\": \"2017-01-19T02:01:11.7836618Z\",\r\n    \"relayType\": \"NetTcp\",\r\n    \"requiresClientAuthorization\": true,\r\n    \"requiresTransportSecurity\": true,\r\n    \"publishToRegistry\": false,\r\n    \"isDynamic\": false\r\n  }\r\n}",
      "ResponseHeaders": {
        "Content-Type": [
          "application/json; charset=utf-8"
        ],
        "Expires": [
          "-1"
        ],
        "Cache-Control": [
          "no-cache"
        ],
        "Date": [
          "Thu, 19 Jan 2017 02:01:18 GMT"
        ],
        "Pragma": [
          "no-cache"
        ],
        "Transfer-Encoding": [
          "chunked"
        ],
        "Server": [
          "Service-Bus-Resource-Provider/SN1",
          "Microsoft-HTTPAPI/2.0"
        ],
        "Vary": [
          "Accept-Encoding"
        ],
        "x-ms-request-id": [
          "baf251b9-2317-496d-b28d-7bb889c24f7d_M5_M5"
        ],
        "Server-SB": [
          "Service-Bus-Resource-Provider/SN1"
        ],
        "x-ms-ratelimit-remaining-subscription-reads": [
          "14993"
        ],
        "x-ms-correlation-request-id": [
          "ecbf9dc6-b071-47ea-a19d-2686ed9c3c14"
        ],
        "x-ms-routing-request-id": [
          "WESTUS2:20170119T020118Z:ecbf9dc6-b071-47ea-a19d-2686ed9c3c14"
        ],
        "Strict-Transport-Security": [
          "max-age=31536000; includeSubDomains"
        ]
      },
      "StatusCode": 200
    },
    {
      "RequestUri": "/subscriptions/e2f361f0-3b27-4503-a9cc-21cfba380093/resourceGroups/Default-ServiceBus-WestUS/providers/Microsoft.Relay/namespaces/sdk-RelayNamespace-3438?api-version=2016-07-01",
      "EncodedRequestUri": "L3N1YnNjcmlwdGlvbnMvZTJmMzYxZjAtM2IyNy00NTAzLWE5Y2MtMjFjZmJhMzgwMDkzL3Jlc291cmNlR3JvdXBzL0RlZmF1bHQtU2VydmljZUJ1cy1XZXN0VVMvcHJvdmlkZXJzL01pY3Jvc29mdC5SZWxheS9uYW1lc3BhY2VzL3Nkay1SZWxheU5hbWVzcGFjZS0zNDM4P2FwaS12ZXJzaW9uPTIwMTYtMDctMDE=",
      "RequestMethod": "DELETE",
      "RequestBody": "",
      "RequestHeaders": {
        "x-ms-client-request-id": [
          "eb43b842-a2d5-4859-b0f9-a201f773ab69"
        ],
        "accept-language": [
          "en-US"
        ],
        "User-Agent": [
          "FxVersion/4.6.24410.01",
          "Microsoft.Azure.Management.Relay.RelayManagementClient/0.0.1-preview"
        ]
      },
      "ResponseBody": "",
      "ResponseHeaders": {
        "Content-Length": [
          "0"
        ],
        "Expires": [
          "-1"
        ],
        "Cache-Control": [
          "no-cache"
        ],
        "Date": [
          "Thu, 19 Jan 2017 02:02:15 GMT"
        ],
        "Pragma": [
          "no-cache"
        ],
        "Location": [
          "https://management.azure.com/subscriptions/e2f361f0-3b27-4503-a9cc-21cfba380093/resourceGroups/Default-ServiceBus-WestUS/providers/Microsoft.Relay/namespaces/sdk-RelayNamespace-3438/operationresults/sdk-RelayNamespace-3438?api-version=2016-07-01"
        ],
        "Server": [
          "Service-Bus-Resource-Provider/SN1",
          "Microsoft-HTTPAPI/2.0"
        ],
        "x-ms-request-id": [
          "7930e3fd-fe77-453f-915f-84e4fb0c0221_M5_M5"
        ],
        "Server-SB": [
          "Service-Bus-Resource-Provider/SN1"
        ],
        "x-ms-ratelimit-remaining-subscription-writes": [
          "1196"
        ],
        "x-ms-correlation-request-id": [
          "9a034d12-351f-4a66-bf25-e07eecd34ad4"
        ],
        "x-ms-routing-request-id": [
          "WESTUS2:20170119T020215Z:9a034d12-351f-4a66-bf25-e07eecd34ad4"
        ],
        "Strict-Transport-Security": [
          "max-age=31536000; includeSubDomains"
        ]
      },
      "StatusCode": 202
    },
    {
      "RequestUri": "/subscriptions/e2f361f0-3b27-4503-a9cc-21cfba380093/resourceGroups/Default-ServiceBus-WestUS/providers/Microsoft.Relay/namespaces/sdk-RelayNamespace-3438/operationresults/sdk-RelayNamespace-3438?api-version=2016-07-01",
      "EncodedRequestUri": "L3N1YnNjcmlwdGlvbnMvZTJmMzYxZjAtM2IyNy00NTAzLWE5Y2MtMjFjZmJhMzgwMDkzL3Jlc291cmNlR3JvdXBzL0RlZmF1bHQtU2VydmljZUJ1cy1XZXN0VVMvcHJvdmlkZXJzL01pY3Jvc29mdC5SZWxheS9uYW1lc3BhY2VzL3Nkay1SZWxheU5hbWVzcGFjZS0zNDM4L29wZXJhdGlvbnJlc3VsdHMvc2RrLVJlbGF5TmFtZXNwYWNlLTM0Mzg/YXBpLXZlcnNpb249MjAxNi0wNy0wMQ==",
      "RequestMethod": "GET",
      "RequestBody": "",
      "RequestHeaders": {
        "User-Agent": [
          "FxVersion/4.6.24410.01",
          "Microsoft.Azure.Management.Relay.RelayManagementClient/0.0.1-preview"
        ]
      },
      "ResponseBody": "",
      "ResponseHeaders": {
        "Content-Length": [
          "0"
        ],
        "Expires": [
          "-1"
        ],
        "Cache-Control": [
          "no-cache"
        ],
        "Date": [
          "Thu, 19 Jan 2017 02:02:45 GMT"
        ],
        "Pragma": [
          "no-cache"
        ],
        "Server": [
          "Service-Bus-Resource-Provider/SN1",
          "Microsoft-HTTPAPI/2.0"
        ],
        "x-ms-request-id": [
          "6b42a357-52ed-4e49-af77-61ce1f6203ea_M5_M5"
        ],
        "Server-SB": [
          "Service-Bus-Resource-Provider/SN1"
        ],
        "x-ms-ratelimit-remaining-subscription-reads": [
          "14992"
        ],
        "x-ms-correlation-request-id": [
          "95206b7a-77e9-443f-a27a-84dc3c488110"
        ],
        "x-ms-routing-request-id": [
          "WESTUS2:20170119T020245Z:95206b7a-77e9-443f-a27a-84dc3c488110"
        ],
        "Strict-Transport-Security": [
          "max-age=31536000; includeSubDomains"
        ]
      },
      "StatusCode": 200
    }
  ],
  "Names": {
    "WCFRelayCreateGetUpdateDelete": [
      "sdk-RelayNamespace-3438",
      "sdk-Relay-Wcf-1011"
    ]
  },
  "Variables": {
    "SubscriptionId": "e2f361f0-3b27-4503-a9cc-21cfba380093"
  }
}